// Jest Snapshot v1, https://goo.gl/fbAQLP

exports[`HeaderTitle component HeaderTitle component shows correctly 1`] = `
<h1
  className={undefined}
>
  Find your movie
</h1>
`;
